// Jest Snapshot v1, https://goo.gl/fbAQLP

exports[`render just views 1`] = `
<_class
  style={
    Array [
      Object {
        "alignItems": "center",
        "justifyContent": "center",
        "overflow": "visible",
      },
      false,
      undefined,
    ]
  }
>
  <_class
    style={
      Object {
        "alignSelf": "center",
        "backgroundColor": "#38414e",
        "borderColor": "#c2d0e7",
        "borderRadius": 22,
        "borderWidth": 1,
        "overflow": "hidden",
      }
    }
  >
    <Image
      resizeMode="stretch"
      source={
        Object {
          "testUri": "../../../src/assets/images/logo.png",
        }
      }
      style={
        Object {
          "height": 90,
          "width": 90,
        }
      }
    />
  </_class>
  <Text
    style={
      Array [
        Object {
          "fontFamily": "Nunito",
          "fontSize": undefined,
          "fontStyle": "normal",
          "fontWeight": "400",
        },
        Object {},
        Array [
          Object {
            "color": "#FFFFFF",
            "fontSize": 35,
          },
          undefined,
        ],
      ]
    }
  >
    Safe
    <Text
      style={
        Array [
          Object {
            "fontFamily": "Nunito",
            "fontSize": undefined,
            "fontStyle": "normal",
            "fontWeight": "700",
          },
          Object {},
          undefined,
        ]
      }
    >
      Box
    </Text>
  </Text>
  <Text
    style={
      Array [
        Object {
          "fontFamily": "Nunito",
          "fontSize": undefined,
          "fontStyle": "normal",
          "fontWeight": "300",
        },
        Object {},
        Array [
          Object {
            "color": "#f2f4f9",
            "fontSize": 14,
          },
          undefined,
        ],
      ]
    }
  >
    sample
  </Text>
</_class>
`;
