// Jest Snapshot v1, https://goo.gl/fbAQLP

exports[`render just views 1`] = `
<View
  style={
    Object {
      "backgroundColor": "#fafdff",
      "overflow": "visible",
    }
  }
>
  <View
    style={
      Array [
        Object {
          "alignItems": "center",
          "backgroundColor": "#fafdff",
          "flexDirection": "row",
          "height": 84,
          "paddingTop": 20,
        },
        undefined,
        Object {
          "overflow": "visible",
        },
      ]
    }
  >
    <View
      style={
        Object {
          "width": 60,
        }
      }
    >
      <View />
    </View>
    <View
      style={
        Object {
          "flex": 1,
          "justifyContent": "center",
        }
      }
    >
      <Text
        allowFontScaling={false}
        style={
          Array [
            Object {
              "fontFamily": "Nunito",
              "fontSize": undefined,
              "fontStyle": "normal",
              "fontWeight": "400",
            },
            Object {},
            Object {
              "color": "#38414e",
              "fontFamily": "Nunito",
              "fontSize": 18,
              "fontStyle": "normal",
              "fontWeight": "700",
              "marginBottom": 2,
              "textAlign": "center",
            },
          ]
        }
      >
        sample
      </Text>
    </View>
    <View
      style={
        Object {
          "width": 60,
        }
      }
    />
  </View>
</View>
`;
