// Jest Snapshot v1, https://goo.gl/fbAQLP

exports[`render just views 1`] = `
<_class
  style={
    Array [
      Object {
        "backgroundColor": "#fafdff",
      },
      undefined,
    ]
  }
>
  <_class
    style={
      Array [
        Object {
          "alignItems": "center",
        },
        Object {
          "marginBottom": 5,
        },
      ]
    }
  >
    <_class
      style={
        Array [
          Object {
            "backgroundColor": "#9066f5",
            "height": 1,
            "left": 0,
            "opacity": 0.5,
            "position": "absolute",
            "right": 0,
            "top": 12,
          },
          Object {
            "backgroundColor": "#c2d0e7",
          },
        ]
      }
    />
    <_class
      style={
        Array [
          Object {
            "backgroundColor": "#4531cd",
            "borderRadius": 10,
            "paddingBottom": 4,
            "paddingLeft": 8,
            "paddingRight": 8,
            "paddingTop": 6,
          },
          Object {
            "backgroundColor": "#6781a6",
          },
        ]
      }
    >
      <Text
        style={
          Array [
            Object {
              "fontFamily": "Nunito",
              "fontSize": undefined,
              "fontStyle": "normal",
              "fontWeight": "400",
            },
            Object {},
            Object {
              "color": "#FFFFFF",
              "fontSize": 13,
              "lineHeight": 14,
              "minWidth": 20,
              "textAlign": "center",
            },
          ]
        }
      >
        Biometric settings
      </Text>
    </_class>
  </_class>
  <_class
    style={
      Object {
        "alignItems": "center",
        "marginTop": 5,
      }
    }
  >
    <_class
      style={
        Object {
          "marginBottom": 10,
        }
      }
    >
      <Text
        style={
          Array [
            Object {
              "fontFamily": "Nunito",
              "fontSize": undefined,
              "fontStyle": "normal",
              "fontWeight": "400",
            },
            Object {},
            Object {
              "color": "#65748b",
              "fontSize": 12,
            },
          ]
        }
      >
        you can add additional authentication methods such as fingerprint or facial validation, depending on your device.
      </Text>
    </_class>
    <_class
      style={
        Object {
          "backgroundColor": "#f2f4f9",
          "borderRadius": 10,
          "padding": 10,
        }
      }
    >
      <Text
        style={
          Array [
            Object {
              "fontFamily": "Nunito",
              "fontSize": undefined,
              "fontStyle": "normal",
              "fontWeight": "400",
            },
            Object {},
            Object {
              "color": "#38414e",
              "fontSize": 13,
            },
          ]
        }
      >
        your device does not have any supported method, try another device.
      </Text>
    </_class>
  </_class>
  <_class />
</_class>
`;
